1..229
ok 2 - /home/michal/CHERI_FPGA/Flute/Tests/isa/rv64uf-v-fdiv
ok 4 - /home/michal/CHERI_FPGA/Flute/Tests/isa/rv64ua-p-amoand_w
ok 6 - /home/michal/CHERI_FPGA/Flute/Tests/isa/rv64um-v-remw
ok 9 - /home/michal/CHERI_FPGA/Flute/Tests/isa/rv64um-p-div
ok 10 - /home/michal/CHERI_FPGA/Flute/Tests/isa/rv64ud-v-fcmp
ok 12 - /home/michal/CHERI_FPGA/Flute/Tests/isa/rv64uf-v-fmin
ok 19 - /home/michal/CHERI_FPGA/Flute/Tests/isa/rv64ua-v-amoor_w
ok 21 - /home/michal/CHERI_FPGA/Flute/Tests/isa/rv64si-p-sbreak
ok 22 - /home/michal/CHERI_FPGA/Flute/Tests/isa/rv64ui-p-lhu
ok 24 - /home/michal/CHERI_FPGA/Flute/Tests/isa/rv64ui-p-srli
ok 25 - /home/michal/CHERI_FPGA/Flute/Tests/isa/rv64ui-v-addiw
ok 26 - /home/michal/CHERI_FPGA/Flute/Tests/isa/rv64ua-v-amoadd_d
ok 28 - /home/michal/CHERI_FPGA/Flute/Tests/isa/rv64ui-p-sw
ok 29 - /home/michal/CHERI_FPGA/Flute/Tests/isa/rv64ud-p-ldst
ok 30 - /home/michal/CHERI_FPGA/Flute/Tests/isa/rv64ud-p-fdiv
ok 32 - /home/michal/CHERI_FPGA/Flute/Tests/isa/rv64uf-p-fmin
ok 34 - /home/michal/CHERI_FPGA/Flute/Tests/isa/rv64um-v-mulh
ok 38 - /home/michal/CHERI_FPGA/Flute/Tests/isa/rv64ui-v-sraw
ok 41 - /home/michal/CHERI_FPGA/Flute/Tests/isa/rv64uf-p-fclass
ok 42 - /home/michal/CHERI_FPGA/Flute/Tests/isa/rv64um-p-rem
ok 43 - /home/michal/CHERI_FPGA/Flute/Tests/isa/rv64mi-p-ma_fetch
ok 44 - /home/michal/CHERI_FPGA/Flute/Tests/isa/rv64ui-p-fence_i
ok 45 - /home/michal/CHERI_FPGA/Flute/Tests/isa/rv64ui-v-lwu
ok 48 - /home/michal/CHERI_FPGA/Flute/Tests/isa/rv64um-p-divu
ok 49 - /home/michal/CHERI_FPGA/Flute/Tests/isa/rv64ud-v-fmadd
ok 51 - /home/michal/CHERI_FPGA/Flute/Tests/isa/rv64ui-v-sh
ok 54 - /home/michal/CHERI_FPGA/Flute/Tests/isa/rv64ui-p-slli
ok 55 - /home/michal/CHERI_FPGA/Flute/Tests/isa/rv64ua-v-amoadd_w
ok 59 - /home/michal/CHERI_FPGA/Flute/Tests/isa/rv64ud-p-fcvt_w
ok 60 - /home/michal/CHERI_FPGA/Flute/Tests/isa/rv64uf-p-fadd
ok 61 - /home/michal/CHERI_FPGA/Flute/Tests/isa/rv64ua-p-amoand_d
ok 62 - /home/michal/CHERI_FPGA/Flute/Tests/isa/rv64ui-v-lui
ok 65 - /home/michal/CHERI_FPGA/Flute/Tests/isa/rv64ua-v-amoor_d
ok 67 - /home/michal/CHERI_FPGA/Flute/Tests/isa/rv64ui-v-xor
ok 70 - /home/michal/CHERI_FPGA/Flute/Tests/isa/rv64ua-p-amoadd_d
ok 71 - /home/michal/CHERI_FPGA/Flute/Tests/isa/rv64ud-p-structural
ok 72 - /home/michal/CHERI_FPGA/Flute/Tests/isa/rv64ui-v-srli
ok 74 - /home/michal/CHERI_FPGA/Flute/Tests/isa/rv64ui-p-xor
ok 76 - /home/michal/CHERI_FPGA/Flute/Tests/isa/rv64ui-p-srai
ok 78 - /home/michal/CHERI_FPGA/Flute/Tests/isa/rv64ua-p-amoor_d
ok 80 - /home/michal/CHERI_FPGA/Flute/Tests/isa/rv64um-v-remu
ok 81 - /home/michal/CHERI_FPGA/Flute/Tests/isa/rv64ui-v-lw
ok 83 - /home/michal/CHERI_FPGA/Flute/Tests/isa/rv64uf-p-fdiv
ok 84 - /home/michal/CHERI_FPGA/Flute/Tests/isa/rv64ui-p-andi
ok 85 - /home/michal/CHERI_FPGA/Flute/Tests/isa/rv64si-p-scall
ok 86 - /home/michal/CHERI_FPGA/Flute/Tests/isa/rv64ui-p-sb
ok 87 - /home/michal/CHERI_FPGA/Flute/Tests/isa/rv64ui-p-blt
ok 88 - /home/michal/CHERI_FPGA/Flute/Tests/isa/rv64ui-v-sra
ok 93 - /home/michal/CHERI_FPGA/Flute/Tests/isa/rv64um-p-mul
ok 94 - /home/michal/CHERI_FPGA/Flute/Tests/isa/rv64ui-p-slliw
ok 95 - /home/michal/CHERI_FPGA/Flute/Tests/isa/rv64ui-v-lbu
ok 97 - /home/michal/CHERI_FPGA/Flute/Tests/isa/rv64ua-p-amomax_d
ok 98 - /home/michal/CHERI_FPGA/Flute/Tests/isa/rv64ud-p-fclass
ok 99 - /home/michal/CHERI_FPGA/Flute/Tests/isa/rv64mi-p-scall
ok 100 - /home/michal/CHERI_FPGA/Flute/Tests/isa/rv64ua-v-amoxor_d
ok 107 - /home/michal/CHERI_FPGA/Flute/Tests/isa/rv64ua-v-amominu_d
ok 111 - /home/michal/CHERI_FPGA/Flute/Tests/isa/rv64ui-v-slti
ok 114 - /home/michal/CHERI_FPGA/Flute/Tests/isa/rv64ui-v-and
ok 116 - /home/michal/CHERI_FPGA/Flute/Tests/isa/rv64ua-p-amomax_w
ok 118 - /home/michal/CHERI_FPGA/Flute/Tests/isa/rv64ud-v-fcvt
ok 125 - /home/michal/CHERI_FPGA/Flute/Tests/isa/rv64ui-v-sltu
ok 128 - /home/michal/CHERI_FPGA/Flute/Tests/isa/rv64ui-p-addi
ok 129 - /home/michal/CHERI_FPGA/Flute/Tests/isa/rv64um-p-remw
ok 130 - /home/michal/CHERI_FPGA/Flute/Tests/isa/rv64ui-v-slli
ok 132 - /home/michal/CHERI_FPGA/Flute/Tests/isa/rv64ua-v-amomin_w
ok 134 - /home/michal/CHERI_FPGA/Flute/Tests/isa/rv64ui-p-sd
ok 135 - /home/michal/CHERI_FPGA/Flute/Tests/isa/rv64ui-v-ld
ok 138 - /home/michal/CHERI_FPGA/Flute/Tests/isa/rv64um-p-divw
ok 139 - /home/michal/CHERI_FPGA/Flute/Tests/isa/rv64ua-p-amoswap_w
ok 140 - /home/michal/CHERI_FPGA/Flute/Tests/isa/rv64um-v-mulhu
ok 144 - /home/michal/CHERI_FPGA/Flute/Tests/isa/rv64ui-v-blt
ok 145 - /home/michal/CHERI_FPGA/Flute/Tests/isa/rv64ui-v-jal
ok 147 - /home/michal/CHERI_FPGA/Flute/Tests/isa/rv64mi-p-illegal
ok 148 - /home/michal/CHERI_FPGA/Flute/Tests/isa/rv64ua-p-amomaxu_w
ok 149 - /home/michal/CHERI_FPGA/Flute/Tests/isa/rv64ud-p-fmadd
ok 150 - /home/michal/CHERI_FPGA/Flute/Tests/isa/rv64ua-p-lrsc
ok 151 - /home/michal/CHERI_FPGA/Flute/Tests/isa/rv64ui-p-slt
ok 152 - /home/michal/CHERI_FPGA/Flute/Tests/isa/rv64ui-v-or
ok 155 - /home/michal/CHERI_FPGA/Flute/Tests/isa/rv64ud-v-fdiv
ok 160 - /home/michal/CHERI_FPGA/Flute/Tests/isa/rv64ua-p-amomin_d
ok 161 - /home/michal/CHERI_FPGA/Flute/Tests/isa/rv64ui-v-bge
ok 163 - /home/michal/CHERI_FPGA/Flute/Tests/isa/rv64ui-p-sllw
ok 164 - /home/michal/CHERI_FPGA/Flute/Tests/isa/rv64ud-v-fadd
ok 166 - /home/michal/CHERI_FPGA/Flute/Tests/isa/rv64ui-v-andi
ok 169 - /home/michal/CHERI_FPGA/Flute/Tests/isa/rv64uf-p-fcvt_w
ok 170 - /home/michal/CHERI_FPGA/Flute/Tests/isa/rv64ua-v-amoswap_d
ok 175 - /home/michal/CHERI_FPGA/Flute/Tests/isa/rv64uf-v-fclass
ok 176 - /home/michal/CHERI_FPGA/Flute/Tests/isa/rv64ui-v-sllw
ok 180 - /home/michal/CHERI_FPGA/Flute/Tests/isa/rv64um-v-mulw
ok 182 - /home/michal/CHERI_FPGA/Flute/Tests/isa/rv64ui-v-sb
ok 184 - /home/michal/CHERI_FPGA/Flute/Tests/isa/rv64ui-v-srai
ok 185 - /home/michal/CHERI_FPGA/Flute/Tests/isa/rv64uf-p-fcvt
ok 186 - /home/michal/CHERI_FPGA/Flute/Tests/isa/rv64ui-v-sraiw
ok 188 - /home/michal/CHERI_FPGA/Flute/Tests/isa/rv64ui-p-subw
ok 190 - /home/michal/CHERI_FPGA/Flute/Tests/isa/rv64ui-v-lh
ok 192 - /home/michal/CHERI_FPGA/Flute/Tests/isa/rv64uf-p-move
ok 193 - /home/michal/CHERI_FPGA/Flute/Tests/isa/rv64ui-p-and
ok 194 - /home/michal/CHERI_FPGA/Flute/Tests/isa/rv64ui-p-srl
ok 195 - /home/michal/CHERI_FPGA/Flute/Tests/isa/rv64ui-p-sraw
ok 197 - /home/michal/CHERI_FPGA/Flute/Tests/isa/rv64ui-p-sll
ok 198 - /home/michal/CHERI_FPGA/Flute/Tests/isa/rv64ud-p-fcvt
ok 199 - /home/michal/CHERI_FPGA/Flute/Tests/isa/rv64si-p-wfi
ok 200 - /home/michal/CHERI_FPGA/Flute/Tests/isa/rv64ui-v-sltiu
ok 203 - /home/michal/CHERI_FPGA/Flute/Tests/isa/rv64ud-p-fcmp
ok 204 - /home/michal/CHERI_FPGA/Flute/Tests/isa/rv64si-p-csr
ok 205 - /home/michal/CHERI_FPGA/Flute/Tests/isa/rv64um-v-divw
ok 207 - /home/michal/CHERI_FPGA/Flute/Tests/isa/rv64ui-p-sub
ok 209 - /home/michal/CHERI_FPGA/Flute/Tests/isa/rv64ua-v-amomin_d
ok 211 - /home/michal/CHERI_FPGA/Flute/Tests/isa/rv64um-v-rem
ok 215 - /home/michal/CHERI_FPGA/Flute/Tests/isa/rv64ua-p-amoor_w
ok 216 - /home/michal/CHERI_FPGA/Flute/Tests/isa/rv64um-v-div
ok 217 - /home/michal/CHERI_FPGA/Flute/Tests/isa/rv64ui-v-ori
ok 220 - /home/michal/CHERI_FPGA/Flute/Tests/isa/rv64um-p-mulhsu
ok 221 - /home/michal/CHERI_FPGA/Flute/Tests/isa/rv64um-p-mulh
ok 222 - /home/michal/CHERI_FPGA/Flute/Tests/isa/rv64ud-p-fadd
ok 223 - /home/michal/CHERI_FPGA/Flute/Tests/isa/rv64ui-p-lbu
ok 224 - /home/michal/CHERI_FPGA/Flute/Tests/isa/rv64ui-v-sd
ok 1 - /home/michal/CHERI_FPGA/Flute/Tests/isa/rv64ua-v-amoand_w
ok 3 - /home/michal/CHERI_FPGA/Flute/Tests/isa/rv64ua-p-amoadd_w
ok 5 - /home/michal/CHERI_FPGA/Flute/Tests/isa/rv64uf-p-ldst
ok 7 - /home/michal/CHERI_FPGA/Flute/Tests/isa/rv64ui-p-sltu
ok 8 - /home/michal/CHERI_FPGA/Flute/Tests/isa/rv64ud-v-structural
ok 11 - /home/michal/CHERI_FPGA/Flute/Tests/isa/rv64ua-v-amoand_d
ok 13 - /home/michal/CHERI_FPGA/Flute/Tests/isa/rv64ui-p-auipc
ok 14 - /home/michal/CHERI_FPGA/Flute/Tests/isa/rv64ud-p-fmin
ok 15 - /home/michal/CHERI_FPGA/Flute/Tests/isa/rv64ua-p-amominu_d
ok 16 - /home/michal/CHERI_FPGA/Flute/Tests/isa/rv64ui-p-jal
ok 17 - /home/michal/CHERI_FPGA/Flute/Tests/isa/rv64um-p-mulw
ok 18 - /home/michal/CHERI_FPGA/Flute/Tests/isa/rv64ui-v-srliw
ok 20 - /home/michal/CHERI_FPGA/Flute/Tests/isa/rv64ua-v-amomaxu_d
ok 23 - /home/michal/CHERI_FPGA/Flute/Tests/isa/rv64uc-v-rvc
ok 27 - /home/michal/CHERI_FPGA/Flute/Tests/isa/rv64ui-v-xori
ok 31 - /home/michal/CHERI_FPGA/Flute/Tests/isa/rv64ui-p-sh
ok 33 - /home/michal/CHERI_FPGA/Flute/Tests/isa/rv64ua-p-amominu_w
ok 35 - /home/michal/CHERI_FPGA/Flute/Tests/isa/rv64ui-p-bltu
ok 36 - /home/michal/CHERI_FPGA/Flute/Tests/isa/rv64ua-p-amomaxu_d
ok 37 - /home/michal/CHERI_FPGA/Flute/Tests/isa/rv64um-v-mulhsu
ok 39 - /home/michal/CHERI_FPGA/Flute/Tests/isa/rv64ui-v-jalr
ok 40 - /home/michal/CHERI_FPGA/Flute/Tests/isa/rv64ui-v-srl
ok 46 - /home/michal/CHERI_FPGA/Flute/Tests/isa/rv64ui-v-simple
ok 47 - /home/michal/CHERI_FPGA/Flute/Tests/isa/rv64ud-v-fclass
ok 50 - /home/michal/CHERI_FPGA/Flute/Tests/isa/rv64uf-v-fadd
ok 52 - /home/michal/CHERI_FPGA/Flute/Tests/isa/rv64ui-p-sra
ok 53 - /home/michal/CHERI_FPGA/Flute/Tests/isa/rv64ua-v-amoxor_w
ok 56 - /home/michal/CHERI_FPGA/Flute/Tests/isa/rv64uf-p-fcmp
ok 57 - /home/michal/CHERI_FPGA/Flute/Tests/isa/rv64um-p-mulhu
ok 58 - /home/michal/CHERI_FPGA/Flute/Tests/isa/rv64ud-v-fmin
ok 63 - /home/michal/CHERI_FPGA/Flute/Tests/isa/rv64mi-p-mcsr
ok 64 - /home/michal/CHERI_FPGA/Flute/Tests/isa/rv64uf-v-move
ok 66 - /home/michal/CHERI_FPGA/Flute/Tests/isa/rv64ua-v-lrsc
ok 68 - /home/michal/CHERI_FPGA/Flute/Tests/isa/rv64ui-p-sraiw
ok 69 - /home/michal/CHERI_FPGA/Flute/Tests/isa/rv64uf-v-fcvt
ok 73 - /home/michal/CHERI_FPGA/Flute/Tests/isa/rv64ui-p-ori
ok 75 - /home/michal/CHERI_FPGA/Flute/Tests/isa/rv64ua-p-amoxor_w
ok 77 - /home/michal/CHERI_FPGA/Flute/Tests/isa/rv64mi-p-access
ok 79 - /home/michal/CHERI_FPGA/Flute/Tests/isa/rv64ud-v-fcvt_w
ok 82 - /home/michal/CHERI_FPGA/Flute/Tests/isa/rv64ud-v-move
ok 89 - /home/michal/CHERI_FPGA/Flute/Tests/isa/rv64ui-v-add
ok 90 - /home/michal/CHERI_FPGA/Flute/Tests/isa/rv64ui-p-lwu
ok 91 - /home/michal/CHERI_FPGA/Flute/Tests/isa/rv64um-p-remuw
ok 92 - /home/michal/CHERI_FPGA/Flute/Tests/isa/rv64ud-v-ldst
ok 96 - /home/michal/CHERI_FPGA/Flute/Tests/isa/rv64ud-v-recoding
ok 101 - /home/michal/CHERI_FPGA/Flute/Tests/isa/rv64ui-p-sltiu
ok 102 - /home/michal/CHERI_FPGA/Flute/Tests/isa/rv64ui-p-ld
ok 103 - /home/michal/CHERI_FPGA/Flute/Tests/isa/rv64uf-p-fmadd
ok 104 - /home/michal/CHERI_FPGA/Flute/Tests/isa/rv64mi-p-ma_addr
ok 105 - /home/michal/CHERI_FPGA/Flute/Tests/isa/rv64ui-p-bgeu
ok 106 - /home/michal/CHERI_FPGA/Flute/Tests/isa/rv64ui-p-simple
ok 108 - /home/michal/CHERI_FPGA/Flute/Tests/isa/rv64ui-v-subw
ok 109 - /home/michal/CHERI_FPGA/Flute/Tests/isa/rv64ui-p-xori
ok 110 - /home/michal/CHERI_FPGA/Flute/Tests/isa/rv64ui-v-addi
ok 112 - /home/michal/CHERI_FPGA/Flute/Tests/isa/rv64ui-p-srlw
ok 113 - /home/michal/CHERI_FPGA/Flute/Tests/isa/rv64ui-v-sll
ok 115 - /home/michal/CHERI_FPGA/Flute/Tests/isa/rv64ui-p-addw
ok 117 - /home/michal/CHERI_FPGA/Flute/Tests/isa/rv64uc-p-rvc
ok 119 - /home/michal/CHERI_FPGA/Flute/Tests/isa/rv64ui-p-jalr
ok 120 - /home/michal/CHERI_FPGA/Flute/Tests/isa/rv64ud-p-recoding
ok 121 - /home/michal/CHERI_FPGA/Flute/Tests/isa/rv64ui-p-bne
ok 122 - /home/michal/CHERI_FPGA/Flute/Tests/isa/rv64um-p-remu
ok 123 - /home/michal/CHERI_FPGA/Flute/Tests/isa/rv64ud-p-move
ok 124 - /home/michal/CHERI_FPGA/Flute/Tests/isa/rv64ui-v-bgeu
ok 126 - /home/michal/CHERI_FPGA/Flute/Tests/isa/rv64ui-p-bge
ok 127 - /home/michal/CHERI_FPGA/Flute/Tests/isa/rv64um-v-mul
ok 131 - /home/michal/CHERI_FPGA/Flute/Tests/isa/rv64uf-v-fcmp
ok 133 - /home/michal/CHERI_FPGA/Flute/Tests/isa/rv64um-v-divu
ok 136 - /home/michal/CHERI_FPGA/Flute/Tests/isa/rv64ui-p-or
ok 137 - /home/michal/CHERI_FPGA/Flute/Tests/isa/rv64uf-v-fmadd
ok 141 - /home/michal/CHERI_FPGA/Flute/Tests/isa/rv64si-p-ma_fetch
ok 142 - /home/michal/CHERI_FPGA/Flute/Tests/isa/rv64ui-p-addiw
ok 143 - /home/michal/CHERI_FPGA/Flute/Tests/isa/rv64uf-v-fcvt_w
ok 146 - /home/michal/CHERI_FPGA/Flute/Tests/isa/rv64ui-v-lhu
ok 153 - /home/michal/CHERI_FPGA/Flute/Tests/isa/rv64ui-p-add
ok 154 - /home/michal/CHERI_FPGA/Flute/Tests/isa/rv64ui-v-lb
ok 156 - /home/michal/CHERI_FPGA/Flute/Tests/isa/rv64ui-p-lw
ok 157 - /home/michal/CHERI_FPGA/Flute/Tests/isa/rv64ui-v-bltu
ok 158 - /home/michal/CHERI_FPGA/Flute/Tests/isa/rv64ui-p-slti
ok 159 - /home/michal/CHERI_FPGA/Flute/Tests/isa/rv64ui-v-addw
ok 162 - /home/michal/CHERI_FPGA/Flute/Tests/isa/rv64um-v-divuw
ok 165 - /home/michal/CHERI_FPGA/Flute/Tests/isa/rv64ui-v-srlw
ok 167 - /home/michal/CHERI_FPGA/Flute/Tests/isa/rv64uf-p-recoding
ok 168 - /home/michal/CHERI_FPGA/Flute/Tests/isa/rv64ui-v-slt
ok 171 - /home/michal/CHERI_FPGA/Flute/Tests/isa/rv64mi-p-sbreak
ok 172 - /home/michal/CHERI_FPGA/Flute/Tests/isa/rv64ui-p-lb
ok 173 - /home/michal/CHERI_FPGA/Flute/Tests/isa/rv64ui-p-beq
ok 174 - /home/michal/CHERI_FPGA/Flute/Tests/isa/rv64ua-v-amomax_d
ok 177 - /home/michal/CHERI_FPGA/Flute/Tests/isa/rv64mi-p-breakpoint
ok 178 - /home/michal/CHERI_FPGA/Flute/Tests/isa/rv64ui-p-lh
ok 179 - /home/michal/CHERI_FPGA/Flute/Tests/isa/rv64ui-v-fence_i
ok 181 - /home/michal/CHERI_FPGA/Flute/Tests/isa/rv64ua-v-amoswap_w
ok 183 - /home/michal/CHERI_FPGA/Flute/Tests/isa/rv64ui-v-sw
ok 187 - /home/michal/CHERI_FPGA/Flute/Tests/isa/rv64ui-v-beq
ok 189 - /home/michal/CHERI_FPGA/Flute/Tests/isa/rv64ua-v-amominu_w
ok 191 - /home/michal/CHERI_FPGA/Flute/Tests/isa/rv64um-v-remuw
ok 196 - /home/michal/CHERI_FPGA/Flute/Tests/isa/rv64ui-v-slliw
ok 201 - /home/michal/CHERI_FPGA/Flute/Tests/isa/rv64ui-p-lui
ok 202 - /home/michal/CHERI_FPGA/Flute/Tests/isa/rv64uf-v-recoding
ok 206 - /home/michal/CHERI_FPGA/Flute/Tests/isa/rv64si-p-dirty
ok 208 - /home/michal/CHERI_FPGA/Flute/Tests/isa/rv64ui-v-sub
ok 210 - /home/michal/CHERI_FPGA/Flute/Tests/isa/rv64ui-v-auipc
ok 212 - /home/michal/CHERI_FPGA/Flute/Tests/isa/rv64ua-p-amomin_w
ok 213 - /home/michal/CHERI_FPGA/Flute/Tests/isa/rv64ua-p-amoswap_d
ok 214 - /home/michal/CHERI_FPGA/Flute/Tests/isa/rv64ua-v-amomaxu_w
ok 218 - /home/michal/CHERI_FPGA/Flute/Tests/isa/rv64ui-p-srliw
ok 219 - /home/michal/CHERI_FPGA/Flute/Tests/isa/rv64uf-v-ldst
ok 225 - /home/michal/CHERI_FPGA/Flute/Tests/isa/rv64ua-v-amomax_w
ok 226 - /home/michal/CHERI_FPGA/Flute/Tests/isa/rv64mi-p-csr
ok 227 - /home/michal/CHERI_FPGA/Flute/Tests/isa/rv64um-p-divuw
ok 228 - /home/michal/CHERI_FPGA/Flute/Tests/isa/rv64ua-p-amoxor_d
ok 229 - /home/michal/CHERI_FPGA/Flute/Tests/isa/rv64ui-v-bne
